backtesting_results/MSFT_BollingerKeltnerChaikinSMAStrategy_backtesting_results.csv
type,price,quantity,date,balance,profit,Metric,Value
long,183.25,10.914051841746248,2020-05-29,98000.0,0.0,,
long,184.91000366210935,10.815824571809934,2020-06-02,97997.75389792325,0.0,,
long,187.1999969482422,10.683071108295664,2020-06-05,97993.67306466932,0.0,,
long,196.83999633789065,10.160901027939461,2020-06-10,98003.51433533436,0.0,,
long,187.7400054931641,10.647691787617584,2020-06-12,97950.88802014531,0.0,,
long,194.2400054931641,10.293306859840227,2020-06-17,97969.22706891128,0.0,,
long,211.6000061035156,9.449554857077674,2020-07-20,97976.76740622392,0.0,,
long,203.8500061035156,9.807488313381418,2020-07-27,97963.57107460503,0.0,,
long,216.5399932861328,9.231906979352738,2020-08-03,97954.77669103499,0.0,,
long,212.94000244140625,9.386573755207928,2020-08-05,97940.07487917038,0.0,,
long,208.25,9.598633806338908,2020-08-10,97946.8590183338,0.0,,
long,209.19000244140625,9.55326743079968,2020-08-12,97923.95382144721,0.0,,
long,208.8999938964844,9.566305811514129,2020-08-14,97921.66005622303,0.0,,
long,212.4600067138672,9.4069050853765,2020-10-01,97930.96476219433,0.0,,
long,210.5800018310547,9.488086650545341,2020-10-08,97902.06390800713,0.0,,
long,213.25,9.372861536317199,2020-10-27,97939.37340836249,0.0,,
long,216.2100067138672,9.24257864144132,2020-12-01,97918.56151585419,0.0,,
long,214.2400054931641,9.32720453767358,2020-12-03,97914.75721796558,0.0,,
long,216.0099945068359,9.250813987917905,2020-12-08,97915.14565698146,0.0,,
long,213.2599945068359,9.368277556489621,2020-12-11,97896.06219153905,0.0,,
long,219.27999877929688,9.111472158291516,2020-12-16,97900.2165836403,0.0,,
long,222.58999633789065,8.975868547243397,2020-12-21,97898.98880595448,0.0,,
long,225.9499969482422,8.84583987058608,2021-01-22,97937.15709641462,0.0,,
long,237.7100067138672,8.410070920121024,2021-03-16,97958.74272941732,0.0,,
long,249.07000732421875,8.026264132555132,2021-04-05,97955.98164779943,0.0,,
long,251.72000122070312,7.94138144864403,2021-05-25,97951.22284939047,0.0,,
long,294.6000061035156,6.785425124554503,2021-08-16,97950.32787232652,0.0,,
long,290.7300109863281,6.875393209459661,2021-08-18,97945.27402275511,0.0,,
long,305.2200012207031,6.551206764333942,2021-09-16,97978.40749374713,0.0,,
long,299.3500061035156,6.6784994350526565,2021-09-24,97961.23348562157,0.0,,
long,329.67999267578125,6.063039751488656,2021-11-26,97944.28214232378,0.0,,
long,333.1000061035156,6.001504479666119,2021-12-09,97955.95776154596,0.0,,
long,328.3399963378906,6.089947978371881,2021-12-14,97979.10134891182,0.0,,
long,323.79998779296875,6.175605197366222,2021-12-17,97983.38348854748,0.0,,
long,327.2900085449219,6.109018317877511,2021-12-21,97971.61221550153,0.0,,
long,342.45001220703125,5.839763881639704,2021-12-27,97991.53341513115,0.0,,
long,329.010009765625,6.078104237919117,2022-01-04,97988.09959903851,0.0,,
long,276.4100036621094,7.244184469758952,2022-07-28,98115.88773493833,0.0,,
long,252.5099945068359,7.934659834928376,2022-12-12,98175.46465523742,0.0,,
long,265.44000244140625,7.55862887708452,2023-03-15,98311.76091176295,0.0,,
long,288.45001220703125,6.958910601362104,2023-04-19,98357.59454761636,0.0,,
long,285.760009765625,7.0238484705394315,2023-04-21,98349.61536914729,0.0,,
long,307.260009765625,6.531454438385482,2023-04-28,98335.88297158082,0.0,,
long,340.5400085449219,5.892828063210058,2023-06-30,98330.44223096612,0.0,,
long,338.1499938964844,5.9340336744733255,2023-07-05,98323.0790894297,0.0,,
long,332.4700012207031,6.035607486925663,2023-07-11,98326.26299874713,0.0,,
long,345.239990234375,5.813662211921134,2023-07-14,98348.32557821076,0.0,,
long,355.0799865722656,5.653760360186556,2023-07-19,98369.32048611465,0.0,,
long,328.7900085449219,6.107049686794437,2023-08-30,98388.90901656487,0.0,,
long,348.32000732421875,5.770729119087558,2023-11-02,98492.96004230637,0.0,,
long,374.2300109863281,5.372168190574685,2023-12-08,98510.90148797918,0.0,,
long,374.3800048828125,5.369595408372428,2023-12-12,98503.18860505465,0.0,,
long,365.9299926757813,5.4935880030539215,2023-12-14,98503.1622683428,0.0,,
long,373.260009765625,5.3865535988953495,2023-12-19,98518.66739741029,0.0,,
long,373.5400085449219,5.382135238884079,2023-12-21,98511.6993130115,0.0,,
long,374.0700073242187,5.374664982744788,2023-12-27,98514.54750356766,0.0,,
long,370.8699951171875,5.421270129447002,2024-01-02,98518.73489541124,0.0,,
long,367.94000244140625,5.4644011965602814,2024-01-04,98518.01769055743,0.0,,
long,374.69000244140625,5.365932888540151,2024-01-08,98517.50894826904,0.0,,
long,384.6300048828125,5.227901301780276,2024-01-11,98529.57745829986,0.0,,
long,411.6499938964844,4.885352933461933,2024-02-22,98541.71975684706,0.0,,
long,407.5400085449219,4.934464015981278,2024-02-26,98538.58385464335,0.0,,
long,407.7200012207031,4.932278378933662,2024-02-28,98538.43878730433,0.0,,
long,414.9200134277344,4.847503959699904,2024-03-04,98554.9939944343,0.0,,
long,402.0899963378906,5.000700431943492,2024-03-06,98525.84929998528,0.0,,
long,404.5199890136719,4.971351756941583,2024-03-11,98539.54674695426,0.0,,
long,425.2200012207031,4.730590273802894,2024-03-14,98565.53849805454,0.0,,
long,417.3200073242187,4.8191442426387825,2024-03-18,98545.14022108966,0.0,,
long,423.260009765625,4.752195843880544,2024-04-10,98559.30850516303,0.0,,
long,413.6400146484375,4.862907446361872,2024-04-15,98563.16226000889,0.0,,
long,415.1300048828125,4.849271198621664,2024-05-31,98640.82084173277,0.0,,
long,424.010009765625,4.747529199696865,2024-06-05,98636.99521397683,0.0,,
long,427.8699951171875,4.704719267288866,2024-06-10,98637.40228620861,0.0,,
partial_exit,183.25,5.457025920873124,2020-05-29,99000.0,0.0,,
partial_exit,184.91000366210935,5.407912285904967,2020-06-02,98997.7309785143,0.0,,
partial_exit,185.36000061035156,2.7039561429524834,2020-06-03,99498.93629082234,0.0,,
partial_exit,187.1999969482422,5.341535554147832,2020-06-05,98993.60850410472,0.0,,
partial_exit,188.36000061035156,2.670767777073916,2020-06-08,99496.67432422447,0.0,,
partial_exit,196.83999633789065,5.080450513969731,2020-06-10,99003.55019589899,0.0,,
partial_exit,187.7400054931641,5.323845893808792,2020-06-12,98950.38687749373,0.0,,
partial_exit,188.94000244140625,2.661922946904396,2020-06-15,99453.33060558068,0.0,,
partial_exit,194.2400054931641,5.146653429920113,2020-06-17,98968.91305941038,0.0,,
partial_exit,196.32000732421875,2.5733267149600567,2020-06-18,99474.10857893895,0.0,,
partial_exit,211.6000061035156,4.724777428538837,2020-07-20,98976.5303389405,0.0,,
partial_exit,203.8500061035156,4.903744156690709,2020-07-27,98963.19935087652,0.0,,
partial_exit,216.5399932861328,4.615953489676369,2020-08-03,98954.31522869862,0.0,,
partial_exit,212.94000244140625,4.693286877603964,2020-08-05,98939.46339834559,0.0,,
partial_exit,216.3500061035156,2.346643438801982,2020-08-06,99447.15972065317,0.0,,
partial_exit,208.25,4.799316903169454,2020-08-10,98946.31676341883,0.0,,
partial_exit,209.19000244140625,4.77663371539984,2020-08-12,98923.17784003342,0.0,,
partial_exit,208.8999938964844,4.783152905757064,2020-08-14,98920.86066904163,0.0,,
partial_exit,210.27999877929688,2.391576452878532,2020-08-17,99423.76136263352,0.0,,
partial_exit,212.4600067138672,4.70345254268825,2020-10-01,98930.26032099224,0.0,,
partial_exit,210.5800018310547,4.744043325272671,2020-10-08,98901.06456012964,0.0,,
partial_exit,215.80999755859375,2.3720216626363353,2020-10-09,99412.97054935212,0.0,,
partial_exit,213.25,4.6864307681585995,2020-10-27,98938.7547696723,0.0,,
partial_exit,216.2100067138672,4.62128932072066,2020-12-01,98917.73051091393,0.0,,
partial_exit,214.2400054931641,4.66360226883679,2020-12-03,98913.88739365911,0.0,,
partial_exit,214.36000061035156,2.331801134418395,2020-12-04,99413.73228625626,0.0,,
partial_exit,216.0099945068359,4.625406993958952,2020-12-08,98914.27979633842,0.0,,
partial_exit,213.2599945068359,4.684138778244811,2020-12-11,98895.0016016568,0.0,,
partial_exit,214.1999969482422,2.3420693891224054,2020-12-14,99396.67285765939,0.0,,
partial_exit,219.27999877929688,4.555736079145758,2020-12-16,98899.19838551417,0.0,,
partial_exit,219.4199981689453,2.277868039572879,2020-12-17,99399.00818658635,0.0,,
partial_exit,222.58999633789065,4.487934273621699,2020-12-21,98897.95807948463,0.0,,
partial_exit,223.94000244140625,2.2439671368108494,2020-12-22,99400.47208558048,0.0,,
partial_exit,225.9499969482422,4.42291993529304,2021-01-22,98936.5158422964,0.0,,
partial_exit,229.52999877929688,2.21145996764652,2021-01-25,99444.11224597077,0.0,,
partial_exit,237.7100067138672,4.205035460060512,2021-03-16,98958.32173686037,0.0,,
partial_exit,249.07000732421875,4.013132066277566,2021-04-05,98955.53248094024,0.0,,
partial_exit,251.72000122070312,3.970690724322015,2021-05-25,98950.72512336384,0.0,,
partial_exit,294.6000061035156,3.3927125622772514,2021-08-16,98949.82101388088,0.0,,
partial_exit,290.7300109863281,3.4376966047298305,2021-08-18,98944.71559441587,0.0,,
partial_exit,296.7699890136719,1.7188483023649153,2021-08-19,99454.81818622487,0.0,,
partial_exit,305.2200012207031,3.275603382166971,2021-09-16,98978.18716205067,0.0,,
partial_exit,299.3500061035156,3.3392497175263283,2021-09-24,98960.83790894425,0.0,,
partial_exit,329.67999267578125,3.031519875744328,2021-11-26,98943.71359275565,0.0,,
partial_exit,336.6300048828125,1.515759937872164,2021-11-29,99453.96386804273,0.0,,
partial_exit,333.1000061035156,3.0007522398330595,2021-12-09,98955.50835094949,0.0,,
partial_exit,342.5400085449219,1.5003761199165297,2021-12-10,99469.44719988629,0.0,,
partial_exit,328.3399963378906,3.0449739891859404,2021-12-14,98978.8880973701,0.0,,
partial_exit,334.6499938964844,1.5224869945929702,2021-12-15,99488.38836081812,0.0,,
partial_exit,323.79998779296875,3.087802598683111,2021-12-17,98983.21393230816,0.0,,
partial_exit,327.2900085449219,3.0545091589387554,2021-12-21,98971.32254423114,0.0,,
partial_exit,333.20001220703125,1.5272545794693777,2021-12-22,99480.20378875358,0.0,,
partial_exit,342.45001220703125,2.919881940819852,2021-12-27,98991.447021408,0.0,,
partial_exit,329.010009765625,3.0390521189595585,2022-01-04,98987.97816637564,0.0,,
partial_exit,276.4100036621094,3.622092234879476,2022-07-28,99117.07026284585,0.0,,
partial_exit,280.739990234375,1.811046117439738,2022-07-29,99625.50333216989,0.0,,
partial_exit,252.5099945068359,3.967329917464188,2022-12-12,99177.2551109031,0.0,,
partial_exit,256.9200134277344,1.983664958732094,2022-12-13,99686.89833873668,0.0,,
partial_exit,265.44000244140625,3.77931443854226,2023-03-15,99314.94214555644,0.0,,
partial_exit,276.20001220703125,1.88965721927113,2023-03-16,99836.86549258624,0.0,,
partial_exit,288.45001220703125,3.479455300681052,2023-04-19,99361.24347157164,0.0,,
partial_exit,285.760009765625,3.5119242352697158,2023-04-21,99353.1828729141,0.0,,
partial_exit,307.260009765625,3.265727219192741,2023-04-28,99339.31034884186,0.0,,
partial_exit,340.5400085449219,2.946414031605029,2023-06-30,99333.81409046578,0.0,,
partial_exit,338.1499938964844,2.9670168372366628,2023-07-05,99326.37581483203,0.0,,
partial_exit,341.2699890136719,1.4835084186183314,2023-07-06,99832.6527165556,0.0,,
partial_exit,332.4700012207031,3.0178037434628315,2023-07-11,99329.59221302006,0.0,,
partial_exit,337.20001220703125,1.5089018717314158,2023-07-12,99838.3939425871,0.0,,
partial_exit,345.239990234375,2.906831105960567,2023-07-14,99351.87992084556,0.0,,
partial_exit,345.7300109863281,1.4534155529802835,2023-07-17,99854.36929594513,0.0,,
partial_exit,355.0799865722656,2.826880180093278,2023-07-19,99373.08906250358,0.0,,
partial_exit,328.7900085449219,3.0535248433972186,2023-08-30,99392.87747591757,0.0,,
partial_exit,348.32000732421875,2.885364559543779,2023-11-02,99497.9902468197,0.0,,
partial_exit,352.79998779296875,1.4426822797718895,2023-11-03,100006.96853751235,0.0,,
partial_exit,374.2300109863281,2.6860840952873426,2023-12-08,99516.11476846876,0.0,,
partial_exit,374.3800048828125,2.684797704186214,2023-12-12,99508.32318265724,0.0,,
partial_exit,365.9299926757813,2.7467940015269607,2023-12-14,99508.29657720344,0.0,,
partial_exit,370.7300109863281,1.3733970007634804,2023-12-15,100017.45606238507,0.0,,
partial_exit,373.260009765625,2.6932767994476747,2023-12-19,99523.95992187365,0.0,,
partial_exit,373.5400085449219,2.6910676194420393,2023-12-21,99516.92073457284,0.0,,
partial_exit,374.5799865722656,1.3455338097210197,2023-12-22,100020.93077095067,0.0,,
partial_exit,374.0700073242187,2.687332491372394,2023-12-27,99519.79798829794,0.0,,
partial_exit,375.2799987792969,1.343666245686197,2023-12-28,100024.04905533884,0.0,,
partial_exit,370.8699951171875,2.710635064723501,2024-01-02,99524.02810862972,0.0,,
partial_exit,367.94000244140625,2.7322005982801407,2024-01-04,99523.30358535904,0.0,,
partial_exit,374.69000244140625,2.6829664442700754,2024-01-08,99522.78965182281,0.0,,
partial_exit,375.7900085449219,1.3414832221350377,2024-01-09,100026.9056433318,0.0,,
partial_exit,384.6300048828125,2.613950650890138,2024-01-11,99534.98130991517,0.0,,
partial_exit,388.4700012207031,1.306975325445069,2024-01-12,100042.70201618625,0.0,,
partial_exit,411.6499938964844,2.4426764667309664,2024-02-22,99547.24750946794,0.0,,
partial_exit,407.5400085449219,2.467232007990639,2024-02-26,99544.07960826217,0.0,,
partial_exit,407.7200012207031,2.466139189466831,2024-02-28,99543.93306064417,0.0,,
partial_exit,413.6400146484375,1.2330695947334156,2024-02-29,100053.97998587224,0.0,,
partial_exit,414.9200134277344,2.423751979849952,2024-03-04,99560.65719845914,0.0,,
partial_exit,402.0899963378906,2.500350215971746,2024-03-06,99531.2151091688,0.0,,
partial_exit,409.1400146484375,1.250175107985873,2024-03-07,100042.71177116325,0.0,,
partial_exit,404.5199890136719,2.4856758784707913,2024-03-11,99545.05232600482,0.0,,
partial_exit,415.2799987792969,1.2428379392353957,2024-03-12,100061.17806389336,0.0,,
partial_exit,425.2200012207031,2.365295136901447,2024-03-14,99571.3092990551,0.0,,
partial_exit,417.3200073242187,2.4095721213193912,2024-03-18,99550.70287640691,0.0,,
partial_exit,421.4100036621094,1.2047860606596956,2024-03-19,100058.41177464157,0.0,,
partial_exit,423.260009765625,2.376097921940272,2024-04-10,99565.01573480756,0.0,,
partial_exit,427.9299926757813,1.188048960970136,2024-04-11,100073.41751797398,0.0,,
partial_exit,413.6400146484375,2.431453723180936,2024-04-15,99568.90881368244,0.0,,
partial_exit,414.5799865722656,1.215726861590468,2024-04-16,100072.92483963617,0.0,,
partial_exit,415.1300048828125,2.424635599310832,2024-05-31,99647.35982991372,0.0,,
partial_exit,424.010009765625,2.3737645998484327,2024-06-05,99643.49516513986,0.0,,
partial_exit,424.5199890136719,1.1868822999242163,2024-06-06,100147.35042606421,0.0,,
partial_exit,427.8699951171875,2.352359633644433,2024-06-10,99643.90639116992,0.0,,
partial_exit,432.6799926757813,1.1761798168222164,2024-06-11,100152.81586569796,0.0,,
