backtesting_results/MSFT_BollingerKeltnerChaikinSMAStrategy_backtesting_results.csv
type,price,quantity,date,balance,profit,Metric,Value
full_exit,182.8300018310547,5.457025920873124,2020-06-01,99997.70805910535,-2.2919408946472686,,
full_exit,182.9199981689453,2.7039561429524834,2020-06-04,99993.54394354012,-4.1641155652323505,,
full_exit,189.8000030517578,2.670767777073916,2020-06-09,100003.58605646364,10.042112923518289,,
full_exit,186.27000427246097,5.080450513969731,2020-06-11,99949.88573484216,-53.700321621479816,,
full_exit,193.57000732421875,2.661922946904396,2020-06-16,99968.59904990946,18.713315067303483,,
full_exit,195.1499938964844,2.5733267149600567,2020-06-19,99976.29327165706,7.694221747602569,,
full_exit,208.75,4.724777428538837,2020-07-21,99962.82762714798,-13.465644509080448,,
full_exit,202.02000427246097,4.903744156690709,2020-07-28,99953.85376636223,-8.973860785758006,,
full_exit,213.2899932861328,4.615953489676369,2020-08-04,99938.85191752079,-15.001848841435276,,
full_exit,212.47999572753903,2.346643438801982,2020-08-07,99945.77450850388,6.9225909830856835,,
full_exit,203.3800048828125,4.799316903169454,2020-08-11,99922.4018586196,-23.372649884273415,,
full_exit,208.6999969482422,4.77663371539984,2020-08-13,99920.06128186024,-2.3405767593649216,,
full_exit,211.4900054931641,2.391576452878532,2020-08-18,99929.55587979013,9.494597929893644,,
full_exit,206.19000244140625,4.70345254268825,2020-10-02,99900.06521225217,-29.49066753796069,,
full_exit,221.3999938964844,2.3720216626363353,2020-10-12,99938.13613098214,38.07091872996534,,
full_exit,202.67999267578125,4.6864307681585995,2020-10-28,99888.60052343825,-49.535607543890364,,
full_exit,214.07000732421875,9.46452526595936,2020-11-30,99916.89950597366,28.298982535416144,,
full_exit,215.3699951171875,4.62128932072066,2020-12-02,99913.01756935264,-3.88193662102276,,
full_exit,214.2899932861328,2.331801134418395,2020-12-07,99913.41393569537,0.39636634272756055,,
full_exit,211.8000030517578,4.625406993958952,2020-12-09,99893.94101177454,-19.47292392082454,,
full_exit,214.1300048828125,2.3420693891224054,2020-12-15,99898.18018738806,4.239175613518455,,
full_exit,218.58999633789065,2.277868039572879,2020-12-18,99896.92735301478,-1.2528343732847134,,
full_exit,221.02000427246097,2.2439671368108494,2020-12-23,99896.43371174567,-0.49364126910222694,,
full_exit,216.44000244140625,9.413091515829981,2021-01-19,99935.8745881782,39.44087643251987,,
full_exit,232.3300018310547,2.21145996764652,2021-01-26,99957.90074430339,22.026156125197303,,
full_exit,237.0399932861328,4.205035460060512,2021-03-17,99955.08331408106,-2.817430222334224,,
full_exit,247.86000061035156,4.013132066277566,2021-04-06,99950.22739733722,-4.855916743836133,,
full_exit,251.4900054931641,3.970690724322015,2021-05-26,99949.31415543523,-0.9132419019879308,,
full_exit,293.0799865722656,3.3927125622772514,2021-08-17,99944.15716607665,-5.1569893585838145,,
full_exit,304.3599853515625,1.7188483023649153,2021-08-20,99977.96683035421,33.80966427756357,,
full_exit,299.8699951171875,3.275603382166971,2021-09-17,99960.44233226692,-17.524498087295797,,
full_exit,294.1700134277344,3.3392497175263283,2021-09-27,99943.14504318753,-17.297289079389884,,
full_exit,330.5899963378906,1.515759937872164,2021-11-30,99955.05894035302,11.913897165490198,,
full_exit,339.3999938964844,1.5003761199165297,2021-12-13,99978.67484582838,23.615905475366162,,
full_exit,324.8999938964844,1.5224869945929702,2021-12-16,99983.04437606885,4.369530240466702,,
full_exit,319.9100036621094,3.087802598683111,2021-12-20,99971.03287296074,-12.011503108107718,,
full_exit,334.69000244140625,1.5272545794693777,2021-12-23,99991.36062768484,20.327754724101396,,
full_exit,341.25,2.919881940819852,2021-12-28,99987.85673371278,-3.5038939720689086,,
full_exit,316.3800048828125,3.0390521189595585,2022-01-05,99949.47349061118,-38.38324310159078,,
full_exit,302.6499938964844,6.368642279582444,2022-01-18,99877.95356784348,-71.51992276770761,,
full_exit,310.9800109863281,6.585432234807979,2022-01-31,99928.33228521691,50.378717373430845,,
full_exit,289.6300048828125,7.12450707249576,2022-04-28,99993.23665770715,64.90437249024399,,
full_exit,264.5799865722656,7.206200678595518,2022-05-09,99899.98840333286,-93.24825437429536,,
full_exit,265.8999938964844,7.892864710769059,2022-05-26,100000.70131368547,100.71291035260947,,
full_exit,258.8599853515625,8.180350858267003,2022-06-23,100118.2527907534,117.55147706792923,,
full_exit,278.010009765625,1.811046117439738,2022-08-01,100128.9922809653,10.739490211912198,,
full_exit,264.4599914550781,7.615240659859901,2022-09-09,100140.33891518092,11.346634215617087,,
full_exit,241.07000732421875,7.947961167681907,2022-09-28,100053.54719378299,-86.79172139793809,,
full_exit,229.25,8.425561868950147,2022-10-10,99984.03630836414,-69.51088541884383,,
full_exit,242.97999572753903,9.032389591581445,2022-11-10,100179.04556656879,195.0092582046491,,
full_exit,257.2200012207031,1.983664958732094,2022-12-14,100197.13664184322,18.09107527442393,,
full_exit,238.5099945068359,8.909184182144125,2023-01-12,100318.12337934994,120.98673750672606,,
full_exit,279.42999267578125,1.88965721927113,2023-03-17,100364.8923955269,46.76901617695694,,
full_exit,286.1099853515625,3.479455300681052,2023-04-20,100356.75037668091,-8.142018845988787,,
full_exit,281.7699890136719,3.5119242352697158,2023-04-24,100342.73772610289,-14.012650578020839,,
full_exit,305.55999755859375,3.265727219192741,2023-05-01,100337.18594996542,-5.551776137464913,,
full_exit,337.989990234375,2.946414031605029,2023-07-03,100329.67254023439,-7.513409731036518,,
full_exit,337.2200012207031,1.4835084186183314,2023-07-07,100332.921427293,3.248887058609398,,
full_exit,342.6600036621094,1.5089018717314158,2023-07-13,100355.43426348036,22.512836187364883,,
full_exit,359.489990234375,1.4534155529802835,2023-07-18,100376.8576388925,21.42337541213783,,
full_exit,346.8699951171875,2.826880180093278,2023-07-20,100353.64897676941,-23.20866212308465,,
full_exit,323.70001220703125,6.33385808068779,2023-08-28,100396.84593527028,43.19695850086282,,
full_exit,327.760009765625,3.0535248433972186,2023-08-31,100393.70080840902,-3.145126861258177,,
full_exit,329.82000732421875,6.419239621843023,2023-10-09,100503.02045133302,109.31964292400517,,
full_exit,356.5299987792969,1.4426822797718895,2023-11-06,100521.32804895834,18.307597625316703,,
full_exit,371.2999877929687,2.6860840952873426,2023-12-11,100513.45776025984,-7.870288698497461,,
full_exit,374.3699951171875,2.684797704186214,2023-12-13,100513.43088606407,-0.026874195769778453,,
full_exit,372.6499938964844,1.3733970007634804,2023-12-18,100529.25244633704,15.821560272961506,,
full_exit,370.6199951171875,2.6932767994476747,2023-12-20,100522.14215613418,-7.110290202850592,,
full_exit,374.6600036621094,1.3455338097210197,2023-12-26,100525.04847302823,2.9063168940483592,,
full_exit,376.0400085449219,1.343666245686197,2023-12-29,100529.3213218482,4.272848819964565,,
full_exit,370.6000061035156,2.710635064723501,2024-01-03,100528.58948016065,-0.7318416875496041,,
full_exit,367.75,2.7322005982801407,2024-01-05,100528.07035537656,-0.5191247840848519,,
full_exit,382.7699890136719,1.3414832221350377,2024-01-10,100540.38516153046,12.314806153895915,,
full_exit,390.2699890136719,1.306975325445069,2024-01-16,100552.77526208884,12.390100558375707,,
full_exit,410.3399963378906,2.4426764667309664,2024-02-23,100549.57536188097,-3.199900207866449,,
full_exit,407.4800109863281,2.467232007990639,2024-02-27,100549.42733398401,-0.1480278969538631,,
full_exit,415.5,1.2330695947334156,2024-03-01,100566.32040248398,16.89306849996501,,
full_exit,402.6499938964844,2.423751979849952,2024-03-05,100536.58091835232,-29.739484131656354,,
full_exit,406.2200012207031,1.250175107985873,2024-03-08,100550.55790505536,13.976986703040893,,
full_exit,415.1000061035156,1.2428379392353957,2024-03-13,100577.08010005565,26.522195000288775,,
full_exit,416.4200134277344,2.365295136901447,2024-03-15,100556.26553172414,-20.81456833150878,,
full_exit,425.2300109863281,1.2047860606596956,2024-03-20,100570.72296445207,14.457432727926061,,
full_exit,421.8999938964844,1.188048960970136,2024-04-12,100574.65536735601,3.932402903941693,,
full_exit,411.8399963378906,1.215726861590468,2024-04-17,100573.60978586145,-1.0455814945598831,,
full_exit,413.7200012207031,5.055982842933821,2024-05-13,100653.89881809466,80.28903223320958,,
full_exit,413.5199890136719,2.424635599310832,2024-06-03,100649.99511630289,-3.903701791772619,,
full_exit,423.8500061035156,1.1868822999242163,2024-06-07,100650.41049613124,0.4153798283514334,,
full_exit,441.05999755859375,1.1761798168222164,2024-06-12,100671.58173283403,21.171236702793976,,
short,211.0800018310547,9.46452526595936,2020-11-18,97890.82851296949,0.0,,
short,212.25,9.413091515829981,2021-01-06,97898.50503751077,0.0,,
short,313.8800048828125,6.368642279582444,2022-01-06,97950.48402079896,0.0,,
short,303.3299865722656,6.585432234807979,2022-01-19,97880.39449648661,0.0,,
short,280.5199890136719,7.12450707249576,2022-04-18,97929.76563951257,0.0,,
short,277.5199890136719,7.206200678595518,2022-04-29,97993.37192455301,0.0,,
short,253.13999938964844,7.892864710769059,2022-05-19,97901.9886352662,0.0,,
short,244.4900054931641,8.180350858267003,2022-06-14,98000.68728741175,0.0,,
short,262.9700012207031,7.615240659859901,2022-08-30,98126.412435346,0.0,,
short,251.9900054931641,7.947961167681907,2022-09-13,98137.5321368773,0.0,,
short,237.5,8.425561868950147,2022-09-29,98052.47624990733,0.0,,
short,221.38999938964844,9.032389591581445,2022-11-04,97984.35558219686,0.0,,
short,224.92999267578125,8.909184182144125,2023-01-06,98193.19390900635,0.0,,
short,316.8800048828125,6.33385808068779,2023-08-17,98346.57599723403,0.0,,
short,312.7900085449219,6.419239621843023,2023-09-27,98385.82679224084,0.0,,
short,397.8399963378906,5.055982842933821,2024-05-02,98562.13759014422,0.0,,
